// Jest Snapshot v1, https://goo.gl/fbAQLP

exports[`ClayButton should render 1`] = `
<button
  className="btn btn-secondary "
>
  test
</button>
`;
