// Jest Snapshot v1, https://goo.gl/fbAQLP

exports[`ClayIcon should render 1`] = `
<DocumentFragment>
  <svg
    aria-hidden="true"
    class="lexicon-icon lexicon-icon-times"
    viewBox="0 0 512 512"
  >
    <use
      xlink:href="#times"
    />
  </svg>
</DocumentFragment>
`;
