// Jest Snapshot v1, https://goo.gl/fbAQLP

exports[`CriteriaGroup should render 1`] = `
<DocumentFragment>
  <div
    class="criteria-group-root criteria-group-item"
  />
</DocumentFragment>
`;
